// Jest Snapshot v1, https://goo.gl/fbAQLP

exports[`Button Snapshot 1`] = `<button />`;

exports[`Button Snapshot 2`] = `ReactWrapper {}`;
