// Jest Snapshot v1, https://goo.gl/fbAQLP

exports[`DatePicker Test  Should render snapshot for date picker 1`] = `
<div>
  <h1>
    "Test"
  </h1>
</div>
`;
